main.c:146:6:go2App	32	static,ignoring_inline_asm
main.c:182:6:test_memry_clean	16	static
main.c:188:13:set_default_config_data	144	static
main.c:213:5:main	24	static
main.c:361:6:SystemClock_Config	88	static
main.c:400:13:MX_USART6_UART_Init	8	static
main.c:433:13:MX_GPIO_Init	16	static
main.c:443:6:FOTA_BoorloaderStateMachine	136	static
main.c:475:10:crc_calc	32	static
main.c:498:6:configuration_data	136	static
main.c:556:13:load_default_confif_data_in_flash	136	static
main.c:582:13:erase_program_partition_sectors	16	static
main.c:592:6:Error_Handler	4	static
