main.c:105:6:go2App	24	static,ignoring_inline_asm
main.c:141:6:test_memry_clean	16	static
main.c:147:13:set_default_config_data	144	static
main.c:172:5:main	24	static
main.c:332:6:SystemClock_Config	88	static
main.c:371:13:MX_USART6_UART_Init	8	static
main.c:404:13:MX_GPIO_Init	16	static
main.c:414:10:crc_calc	32	static
main.c:437:6:configuration_data	136	static
main.c:495:13:load_default_confif_data_in_flash	136	static
main.c:521:13:erase_program_partition_sectors	16	static
main.c:531:6:Error_Handler	4	static
